// Jest Snapshot v1, https://goo.gl/fbAQLP

exports[`should render ExpenseList with expenses 1`] = `
<div>
  <Link
    replace={false}
    to="/edit/1"
  >
    <h3>
      banana
    </h3>
  </Link>
  <p>
    $5.00
    -
    December 26th, 2017
  </p>
</div>
`;
