// Jest Snapshot v1, https://goo.gl/fbAQLP

exports[`should render ExpensesSummary correctly 1`] = `
<div>
  <h1>
    Viewing 
    12.5
     totalling 
    12
  </h1>
</div>
`;
